// Jest Snapshot v1, https://goo.gl/fbAQLP

exports[`Forklift error middleware should disable meta trace log 1`] = `
Object {
  "message": "Hey! Not found!",
  "meta": null,
  "status": 404,
  "title": "Not Found",
}
`;
