// Jest Snapshot v1, https://goo.gl/fbAQLP

exports[`io function validateResource throws on request not respecting schema 1`] = `
Object {
  "how": "Missing required property: secondField",
  "where": "request/body",
  "why": "Body does not respect the schema",
}
`;
